// Jest Snapshot v1, https://goo.gl/fbAQLP

exports[`test Page Buttons 1`] = `
<WithStyles(ForwardRef(Grid))
  alignItems="center"
  className="makeStyles-root-1"
  container={true}
  justify="center"
>
  <WithStyles(ForwardRef(Grid))
    item={true}
  >
    <WithStyles(ForwardRef(ButtonGroup))
      aria-label="outlined primary button group"
      color="primary"
    >
      <WithStyles(ForwardRef(Button))
        disabled={false}
      >
        &lt;&lt;
      </WithStyles(ForwardRef(Button))>
      <WithStyles(ForwardRef(Button))
        disabled={true}
      >
        &gt;&gt;
      </WithStyles(ForwardRef(Button))>
    </WithStyles(ForwardRef(ButtonGroup))>
  </WithStyles(ForwardRef(Grid))>
</WithStyles(ForwardRef(Grid))>
`;
